../Core/Src/app.c:59:20:Mq135_GetCo2Ppm	16	static
../Core/Src/app.c:64:6:Air_Monitor_Main	8	static
../Core/Src/app.c:87:6:HAL_GPIO_EXTI_Callback	16	static
../Core/Src/app.c:99:6:Response	56	static
../Core/Src/app.c:112:6:misting_control	8	static
../Core/Src/app.c:126:6:getADC_value	8	static
../Core/Src/app.c:133:6:gpio_set_mode	40	static
../Core/Src/app.c:149:6:delay_us	16	static
../Core/Src/app.c:155:6:init_dht22	8	static
../Core/Src/app.c:160:6:dht22_GetValue	40	static
../Core/Src/app.c:241:6:Handle_Command	16	static
../Core/Src/app.c:267:6:HAL_UART_RxCpltCallback	16	static
../Core/Src/app.c:277:6:clear_uart_buf	8	static
../Core/Src/app.c:282:6:Update_Screen	48	static
