../Core/Src/Libs_Mq135.c:12:7:MQ135_getVoltage	16	static
../Core/Src/Libs_Mq135.c:16:7:MQ135_getCorrectionFactor	24	static
../Core/Src/Libs_Mq135.c:21:7:MQ135_getResistance	24	static
../Core/Src/Libs_Mq135.c:30:7:MQ135_getCorrectResistance	32	static
../Core/Src/Libs_Mq135.c:35:7:MQ135_getPPM	48	static
../Core/Src/Libs_Mq135.c:44:7:MQ135_getCorrectPPM	56	static
../Core/Src/Libs_Mq135.c:51:7:MQ135_getPPMLinear	48	static
../Core/Src/Libs_Mq135.c:61:7:MQ135_getAcetone	16	static
../Core/Src/Libs_Mq135.c:65:7:MQ135_getCorrectAcetone	24	static
../Core/Src/Libs_Mq135.c:69:7:MQ135_getAlcohol	16	static
../Core/Src/Libs_Mq135.c:73:7:MQ135_getCorrectAlcohol	24	static
../Core/Src/Libs_Mq135.c:77:7:MQ135_getCO2	16	static
../Core/Src/Libs_Mq135.c:81:7:MQ135_getCorrectCO2	24	static
../Core/Src/Libs_Mq135.c:85:7:MQ135_getCO	16	static
../Core/Src/Libs_Mq135.c:89:7:MQ135_getCorrectCO	24	static
../Core/Src/Libs_Mq135.c:93:7:MQ135_getNH4	16	static
../Core/Src/Libs_Mq135.c:97:7:MQ135_getCorrectNH4	24	static
../Core/Src/Libs_Mq135.c:101:7:MQ135_getToluene	16	static
../Core/Src/Libs_Mq135.c:105:7:MQ135_getCorrectToluene	24	static
../Core/Src/Libs_Mq135.c:109:6:getAQI_val	16	static
../Core/Src/Libs_Mq135.c:118:6:getAQI_Correctval	24	static
