../Core/Src/app.c:63:20:Mq135_GetCo2Ppm	16	static
../Core/Src/app.c:68:6:Air_Monitor_Main	8	static
../Core/Src/app.c:91:6:HAL_GPIO_EXTI_Callback	16	static
../Core/Src/app.c:103:6:Response	56	static
../Core/Src/app.c:116:6:misting_control	8	static
../Core/Src/app.c:130:6:getADC_value	8	static
../Core/Src/app.c:137:6:gpio_set_mode	40	static
../Core/Src/app.c:153:6:delay_us	16	static
../Core/Src/app.c:158:6:init_dht22	8	static
../Core/Src/app.c:163:6:dht22_GetValue	40	static
../Core/Src/app.c:226:6:Handle_Command	8	static
../Core/Src/app.c:244:6:HAL_UART_RxCpltCallback	16	static
../Core/Src/app.c:255:6:clear_uart_buf	8	static
../Core/Src/app.c:260:6:Update_Screen	48	static
