../Core/Src/app.c:78:6:UART_Log	216	static
../Core/Src/app.c:89:6:Air_Monitor_Main	8	static
../Core/Src/app.c:107:20:Mq135_GetCo2Ppm	24	static
../Core/Src/app.c:115:20:Misting_Control_ON	16	static
../Core/Src/app.c:134:20:Misting_Control_OFF	8	static
../Core/Src/app.c:140:20:Uart_Start_Check_Message_Timer	8	static
../Core/Src/app.c:146:20:Uart_Reload_Check_Message_Timer	4	static
../Core/Src/app.c:150:20:Uart_Stop_Check_Message_Timer	8	static
../Core/Src/app.c:155:6:Measure_And_Control	8	static
../Core/Src/app.c:161:6:HAL_GPIO_EXTI_Callback	16	static
../Core/Src/app.c:210:6:Send_Data	56	static
../Core/Src/app.c:218:6:Misting_Control	16	static
../Core/Src/app.c:233:7:Calculate_Suitable_Humidity	40	static
../Core/Src/app.c:254:6:delay_us	16	static
../Core/Src/app.c:259:6:HAL_UART_RxCpltCallback	16	static
../Core/Src/app.c:274:6:HAL_TIM_PeriodElapsedCallback	24	static
../Core/Src/app.c:288:6:Handle_Command	8	static
../Core/Src/app.c:300:6:Clear_Uart_RxBuffer	4	static
../Core/Src/app.c:304:6:Update_Screen	48	static
