../Core/Src/app.c:87:6:UART_Log	216	static
../Core/Src/app.c:98:6:Air_Monitor_Main	16	static
../Core/Src/app.c:128:20:Mq135_GetCo2Ppm	24	static
../Core/Src/app.c:136:20:Misting_Control_ON	16	static
../Core/Src/app.c:155:20:Misting_Control_OFF	8	static
../Core/Src/app.c:161:20:Uart_Start_Check_Message_Timer	8	static
../Core/Src/app.c:167:20:Uart_Reload_Check_Message_Timer	4	static
../Core/Src/app.c:171:20:Uart_Stop_Check_Message_Timer	8	static
../Core/Src/app.c:176:6:Measure_And_Control	8	static
../Core/Src/app.c:182:6:HAL_GPIO_EXTI_Callback	16	static
../Core/Src/app.c:231:6:Send_Firebase_Sync_Request	16	static
../Core/Src/app.c:236:6:Send_Data	56	static
../Core/Src/app.c:244:6:Misting_Control	16	static
../Core/Src/app.c:259:7:Calculate_Suitable_Humidity	40	static
../Core/Src/app.c:280:6:delay_us	16	static
../Core/Src/app.c:285:6:HAL_UART_RxCpltCallback	16	static
../Core/Src/app.c:300:6:HAL_TIM_PeriodElapsedCallback	32	static
../Core/Src/app.c:323:6:Handle_Command	8	static
../Core/Src/app.c:338:6:Clear_Uart_RxBuffer	4	static
../Core/Src/app.c:342:6:Update_Screen	48	static
