../Core/Src/app.c:75:6:UART_Log	216	static
../Core/Src/app.c:86:6:Air_Monitor_Main	8	static
../Core/Src/app.c:104:20:Mq135_GetCo2Ppm	24	static
../Core/Src/app.c:112:20:Misting_Control_ON	16	static
../Core/Src/app.c:131:20:Misting_Control_OFF	8	static
../Core/Src/app.c:139:20:Uart_Start_Check_Message_Timer	8	static
../Core/Src/app.c:145:20:Uart_Reload_Check_Message_Timer	4	static
../Core/Src/app.c:149:20:Uart_Stop_Check_Message_Timer	8	static
../Core/Src/app.c:154:6:Measure_And_Control	8	static
../Core/Src/app.c:160:6:HAL_GPIO_EXTI_Callback	16	static
../Core/Src/app.c:178:6:Send_Data	56	static
../Core/Src/app.c:186:6:Misting_Control	24	static
../Core/Src/app.c:202:7:Calculate_Suitable_Humidity	40	static
../Core/Src/app.c:223:6:delay_us	16	static
../Core/Src/app.c:228:6:HAL_UART_RxCpltCallback	16	static
../Core/Src/app.c:243:6:HAL_TIM_PeriodElapsedCallback	24	static
../Core/Src/app.c:257:6:Handle_Command	8	static
../Core/Src/app.c:267:6:Clear_Uart_RxBuffer	4	static
../Core/Src/app.c:271:6:Update_Screen	48	static
