../Core/Src/Libs_Mq135.c:13:7:MQ135_getVoltage	16	static
../Core/Src/Libs_Mq135.c:17:7:MQ135_getCorrectionFactor	24	static
../Core/Src/Libs_Mq135.c:22:7:MQ135_getResistance	24	static
../Core/Src/Libs_Mq135.c:31:7:MQ135_getCorrectResistance	32	static
../Core/Src/Libs_Mq135.c:36:7:MQ135_getPPM	48	static
../Core/Src/Libs_Mq135.c:45:7:MQ135_getCorrectPPM	56	static
../Core/Src/Libs_Mq135.c:52:7:MQ135_getPPMLinear	48	static
../Core/Src/Libs_Mq135.c:62:7:MQ135_getAcetone	16	static
../Core/Src/Libs_Mq135.c:66:7:MQ135_getCorrectAcetone	24	static
../Core/Src/Libs_Mq135.c:70:7:MQ135_getAlcohol	16	static
../Core/Src/Libs_Mq135.c:74:7:MQ135_getCorrectAlcohol	24	static
../Core/Src/Libs_Mq135.c:78:7:MQ135_getCO2	16	static
../Core/Src/Libs_Mq135.c:82:7:MQ135_getCorrectCO2	24	static
../Core/Src/Libs_Mq135.c:86:7:MQ135_getCO	16	static
../Core/Src/Libs_Mq135.c:90:7:MQ135_getCorrectCO	24	static
../Core/Src/Libs_Mq135.c:94:7:MQ135_getNH4	16	static
../Core/Src/Libs_Mq135.c:98:7:MQ135_getCorrectNH4	24	static
../Core/Src/Libs_Mq135.c:102:7:MQ135_getToluene	16	static
../Core/Src/Libs_Mq135.c:106:7:MQ135_getCorrectToluene	24	static
../Core/Src/Libs_Mq135.c:110:6:getAQI_val	16	static
../Core/Src/Libs_Mq135.c:119:6:getAQI_Correctval	24	static
