../Core/Src/Libs_Ssd1306.c:556:6:Libs_Ssd1306_WriteCommand	32	static
../Core/Src/Libs_Ssd1306.c:561:6:Libs_Ssd1306_WriteData	32	static
../Core/Src/Libs_Ssd1306.c:567:17:Libs_Ssd1306_FillBuffer	24	static
../Core/Src/Libs_Ssd1306.c:577:6:Libs_Ssd1306_Init	8	static
../Core/Src/Libs_Ssd1306.c:641:6:Libs_Ssd1306_Fill	24	static
../Core/Src/Libs_Ssd1306.c:650:6:Libs_Ssd1306_UpdateScreen	16	static
../Core/Src/Libs_Ssd1306.c:672:6:Libs_Ssd1306_DrawPixel	16	static
../Core/Src/Libs_Ssd1306.c:692:6:Libs_Ssd1306_WriteChar	48	static
../Core/Src/Libs_Ssd1306.c:728:6:Libs_Ssd1306_WriteString	24	static
../Core/Src/Libs_Ssd1306.c:742:6:Libs_Ssd1306_SetCursor	16	static
../Core/Src/Libs_Ssd1306.c:748:6:Libs_Ssd1306_Line	48	static
../Core/Src/Libs_Ssd1306.c:776:6:Libs_Ssd1306_Polyline	40	static
../Core/Src/Libs_Ssd1306.c:792:14:Libs_Ssd1306_DegToRad	16	static
../Core/Src/Libs_Ssd1306.c:797:17:Libs_Ssd1306_NormalizeTo0_360	24	static
../Core/Src/Libs_Ssd1306.c:813:6:Libs_Ssd1306_DrawArc	56	static
../Core/Src/Libs_Ssd1306.c:854:6:Libs_Ssd1306_DrawArcWithRadiusLine	64	static
../Core/Src/Libs_Ssd1306.c:899:6:Libs_Ssd1306_DrawCircle	40	static
../Core/Src/Libs_Ssd1306.c:935:6:Libs_Ssd1306_FillCircle	48	static
../Core/Src/Libs_Ssd1306.c:972:6:Libs_Ssd1306_DrawRectangle	32	static
../Core/Src/Libs_Ssd1306.c:983:6:Libs_Ssd1306_FillRectangle	32	static
../Core/Src/Libs_Ssd1306.c:999:6:Libs_Ssd1306_DrawBitmap	24	static
../Core/Src/Libs_Ssd1306.c:1025:6:Libs_Ssd1306_SetContrast	24	static
../Core/Src/Libs_Ssd1306.c:1031:6:Libs_Ssd1306_SetDisplayOn	24	static
../Core/Src/Libs_Ssd1306.c:1043:9:Libs_Ssd1306_GetDisplayOn	4	static
