../Core/Src/main.c:82:5:main	8	static
../Core/Src/main.c:133:6:SystemClock_Config	88	static
../Core/Src/main.c:175:13:MX_ADC1_Init	24	static
../Core/Src/main.c:227:13:MX_I2C1_Init	8	static
../Core/Src/main.c:261:13:MX_TIM2_Init	32	static
../Core/Src/main.c:306:13:MX_TIM3_Init	32	static
../Core/Src/main.c:351:13:MX_TIM4_Init	32	static
../Core/Src/main.c:396:13:MX_TIM5_Init	32	static
../Core/Src/main.c:441:13:MX_USART2_UART_Init	8	static
../Core/Src/main.c:474:13:MX_GPIO_Init	40	static
../Core/Src/main.c:542:6:Error_Handler	4	static,ignoring_inline_asm
