../Core/Src/main.c:80:5:main	8	static
../Core/Src/main.c:130:6:SystemClock_Config	88	static
../Core/Src/main.c:172:13:MX_ADC1_Init	24	static
../Core/Src/main.c:224:13:MX_I2C1_Init	8	static
../Core/Src/main.c:258:13:MX_TIM2_Init	32	static
../Core/Src/main.c:303:13:MX_TIM3_Init	32	static
../Core/Src/main.c:348:13:MX_TIM4_Init	32	static
../Core/Src/main.c:393:13:MX_USART2_UART_Init	8	static
../Core/Src/main.c:426:13:MX_GPIO_Init	40	static
../Core/Src/main.c:479:6:Error_Handler	4	static,ignoring_inline_asm
